{
  "detail": [
    {
      "input": "abc",
      "loc": [
        "body",
        "bool1"
      ],
      "msg": "Input should be a valid boolean, unable to interpret input",
      "type": "bool_parsing"
    }
  ]
}
