{
  "detail": [
    {
      "ctx": {
        "error": "input is too short"
      },
      "input": "2025-01",
      "loc": [
        "body",
        "date1"
      ],
      "msg": "Input should be a valid date or datetime, input is too short",
      "type": "date_from_datetime_parsing"
    }
  ]
}
