{
  "detail": [
    {
      "ctx": {
        "error": "input not string"
      },
      "input": 1757451600,
      "loc": [
        "body",
        "datetime1"
      ],
      "msg": "Input should be a valid datetime in RFC 3339 format, input is not a string",
      "type": "datetime_type"
    }
  ]
}
