{
  "detail": [
    {
      "ctx": {
        "error": "input not string"
      },
      "input": 1757548800,
      "loc": [
        "body",
        "date1"
      ],
      "msg": "Input should be a valid date, input is not a string",
      "type": "date_type"
    }
  ]
}
