{
  "detail": [
    {
      "input": "1757451600",
      "loc": [
        "body",
        "date1"
      ],
      "msg": "Datetimes provided to dates should have zero time - e.g. be exact dates",
      "type": "date_from_datetime_inexact"
    }
  ]
}
