{
  "detail": [
    {
      "input": "true",
      "loc": [
        "body",
        "bool1"
      ],
      "msg": "Input should be a valid boolean",
      "type": "bool_type"
    }
  ]
}
