{
  "detail": [
    {
      "input": 123,
      "loc": [
        "body",
        "string1"
      ],
      "msg": "Input should be a valid string",
      "type": "string_type"
    }
  ]
}
