{
  "detail": [
    {
      "ctx": {
        "error": "input does not follow RFC 3339"
      },
      "input": "2025-09-10T00:00:00z",
      "loc": [
        "body",
        "listDatetime",
        0
      ],
      "msg": "Input should be a valid datetime, in RFC 3339 format",
      "type": "datetime_from_date_parsing"
    }
  ]
}
